[    3158ms] [ERROR] Error: Minified React error #418; visit https://reactjs.org/docs/error-decoder.html?invariant=418 for the full message or use the non-minified dev environment for full errors and additional helpful warnings.
    at Sa (https://www.optimum.com/assets/components-D5ewNdnq.js:22:4806)
    at yf (https://www.optimum.com/assets/components-D5ewNdnq.js:24:45951)
    at hf (https://www.optimum.com/assets/components-D5ewNdnq.js:24:40034)
    at vp (https://www.optimum.com/assets/components-D5ewNdnq.js:24:40006)
    at sf (https://www.optimum.com/assets/components-D5ewNdnq.js:24:34946)
    at q (https://www.optimum.com/assets/components-D5ewNdnq.js:9:1646)
    at MessagePort.me (https://www.optimum.com/assets/components-D5ewNdnq.js:9:2028) @ https://www.optimum.com/assets/components-D5ewNdnq.js:139
[    3466ms] [LOG] cheqThreat object added to digitalData @ https://www.optimum.com/assets/adobeDTMScript.js:18
[    3466ms] [LOG] cheq_threat_ready event added to dataLayer @ https://www.optimum.com/assets/googleGTMScript.js:18
[    3474ms] [ERROR] Error: Minified React error #418; visit https://reactjs.org/docs/error-decoder.html?invariant=418 for the full message or use the non-minified dev environment for full errors and additional helpful warnings.
    at Sa (https://www.optimum.com/assets/components-D5ewNdnq.js:22:4806)
    at yf (https://www.optimum.com/assets/components-D5ewNdnq.js:24:45951)
    at hf (https://www.optimum.com/assets/components-D5ewNdnq.js:24:40034)
    at vp (https://www.optimum.com/assets/components-D5ewNdnq.js:24:40006)
    at sf (https://www.optimum.com/assets/components-D5ewNdnq.js:24:34946)
    at q (https://www.optimum.com/assets/components-D5ewNdnq.js:9:1646)
    at MessagePort.me (https://www.optimum.com/assets/components-D5ewNdnq.js:9:2028) @ https://www.optimum.com/assets/components-D5ewNdnq.js:139
[    3514ms] Error: Minified React error #418; visit https://reactjs.org/docs/error-decoder.html?invariant=418 for the full message or use the non-minified dev environment for full errors and additional helpful warnings.
    at Sa (https://www.optimum.com/assets/components-D5ewNdnq.js:22:4806)
    at yf (https://www.optimum.com/assets/components-D5ewNdnq.js:24:45951)
    at hf (https://www.optimum.com/assets/components-D5ewNdnq.js:24:40034)
    at vp (https://www.optimum.com/assets/components-D5ewNdnq.js:24:40006)
    at sf (https://www.optimum.com/assets/components-D5ewNdnq.js:24:34946)
    at q (https://www.optimum.com/assets/components-D5ewNdnq.js:9:1646)
    at MessagePort.me (https://www.optimum.com/assets/components-D5ewNdnq.js:9:2028)
[    3515ms] Error: Minified React error #418; visit https://reactjs.org/docs/error-decoder.html?invariant=418 for the full message or use the non-minified dev environment for full errors and additional helpful warnings.
    at Sa (https://www.optimum.com/assets/components-D5ewNdnq.js:22:4806)
    at yf (https://www.optimum.com/assets/components-D5ewNdnq.js:24:45951)
    at hf (https://www.optimum.com/assets/components-D5ewNdnq.js:24:40034)
    at vp (https://www.optimum.com/assets/components-D5ewNdnq.js:24:40006)
    at sf (https://www.optimum.com/assets/components-D5ewNdnq.js:24:34946)
    at q (https://www.optimum.com/assets/components-D5ewNdnq.js:9:1646)
    at MessagePort.me (https://www.optimum.com/assets/components-D5ewNdnq.js:9:2028)
[    3515ms] Error: Minified React error #418; visit https://reactjs.org/docs/error-decoder.html?invariant=418 for the full message or use the non-minified dev environment for full errors and additional helpful warnings.
    at Sa (https://www.optimum.com/assets/components-D5ewNdnq.js:22:4806)
    at yf (https://www.optimum.com/assets/components-D5ewNdnq.js:24:45951)
    at hf (https://www.optimum.com/assets/components-D5ewNdnq.js:24:40034)
    at vp (https://www.optimum.com/assets/components-D5ewNdnq.js:24:40006)
    at sf (https://www.optimum.com/assets/components-D5ewNdnq.js:24:34946)
    at q (https://www.optimum.com/assets/components-D5ewNdnq.js:9:1646)
    at MessagePort.me (https://www.optimum.com/assets/components-D5ewNdnq.js:9:2028)
[    3515ms] Error: Minified React error #418; visit https://reactjs.org/docs/error-decoder.html?invariant=418 for the full message or use the non-minified dev environment for full errors and additional helpful warnings.
    at Sa (https://www.optimum.com/assets/components-D5ewNdnq.js:22:4806)
    at yf (https://www.optimum.com/assets/components-D5ewNdnq.js:24:45951)
    at hf (https://www.optimum.com/assets/components-D5ewNdnq.js:24:40034)
    at vp (https://www.optimum.com/assets/components-D5ewNdnq.js:24:40006)
    at sf (https://www.optimum.com/assets/components-D5ewNdnq.js:24:34946)
    at q (https://www.optimum.com/assets/components-D5ewNdnq.js:9:1646)
    at MessagePort.me (https://www.optimum.com/assets/components-D5ewNdnq.js:9:2028)
[    3515ms] Error: Minified React error #418; visit https://reactjs.org/docs/error-decoder.html?invariant=418 for the full message or use the non-minified dev environment for full errors and additional helpful warnings.
    at Sa (https://www.optimum.com/assets/components-D5ewNdnq.js:22:4806)
    at yf (https://www.optimum.com/assets/components-D5ewNdnq.js:24:45951)
    at hf (https://www.optimum.com/assets/components-D5ewNdnq.js:24:40034)
    at vp (https://www.optimum.com/assets/components-D5ewNdnq.js:24:40006)
    at sf (https://www.optimum.com/assets/components-D5ewNdnq.js:24:34946)
    at q (https://www.optimum.com/assets/components-D5ewNdnq.js:9:1646)
    at MessagePort.me (https://www.optimum.com/assets/components-D5ewNdnq.js:9:2028)
[    3516ms] Error: Minified React error #418; visit https://reactjs.org/docs/error-decoder.html?invariant=418 for the full message or use the non-minified dev environment for full errors and additional helpful warnings.
    at Sa (https://www.optimum.com/assets/components-D5ewNdnq.js:22:4806)
    at yf (https://www.optimum.com/assets/components-D5ewNdnq.js:24:45951)
    at hf (https://www.optimum.com/assets/components-D5ewNdnq.js:24:40034)
    at vp (https://www.optimum.com/assets/components-D5ewNdnq.js:24:40006)
    at sf (https://www.optimum.com/assets/components-D5ewNdnq.js:24:34946)
    at q (https://www.optimum.com/assets/components-D5ewNdnq.js:9:1646)
    at MessagePort.me (https://www.optimum.com/assets/components-D5ewNdnq.js:9:2028)
[    3516ms] Error: Minified React error #418; visit https://reactjs.org/docs/error-decoder.html?invariant=418 for the full message or use the non-minified dev environment for full errors and additional helpful warnings.
    at Sa (https://www.optimum.com/assets/components-D5ewNdnq.js:22:4806)
    at yf (https://www.optimum.com/assets/components-D5ewNdnq.js:24:45951)
    at hf (https://www.optimum.com/assets/components-D5ewNdnq.js:24:40034)
    at vp (https://www.optimum.com/assets/components-D5ewNdnq.js:24:40006)
    at sf (https://www.optimum.com/assets/components-D5ewNdnq.js:24:34946)
    at q (https://www.optimum.com/assets/components-D5ewNdnq.js:9:1646)
    at MessagePort.me (https://www.optimum.com/assets/components-D5ewNdnq.js:9:2028)
[    3516ms] Error: Minified React error #418; visit https://reactjs.org/docs/error-decoder.html?invariant=418 for the full message or use the non-minified dev environment for full errors and additional helpful warnings.
    at Sa (https://www.optimum.com/assets/components-D5ewNdnq.js:22:4806)
    at yf (https://www.optimum.com/assets/components-D5ewNdnq.js:24:45951)
    at hf (https://www.optimum.com/assets/components-D5ewNdnq.js:24:40034)
    at vp (https://www.optimum.com/assets/components-D5ewNdnq.js:24:40006)
    at sf (https://www.optimum.com/assets/components-D5ewNdnq.js:24:34946)
    at q (https://www.optimum.com/assets/components-D5ewNdnq.js:9:1646)
    at MessagePort.me (https://www.optimum.com/assets/components-D5ewNdnq.js:9:2028)
[    3517ms] Error: Minified React error #418; visit https://reactjs.org/docs/error-decoder.html?invariant=418 for the full message or use the non-minified dev environment for full errors and additional helpful warnings.
    at Sa (https://www.optimum.com/assets/components-D5ewNdnq.js:22:4806)
    at yf (https://www.optimum.com/assets/components-D5ewNdnq.js:24:45951)
    at hf (https://www.optimum.com/assets/components-D5ewNdnq.js:24:40034)
    at vp (https://www.optimum.com/assets/components-D5ewNdnq.js:24:40006)
    at sf (https://www.optimum.com/assets/components-D5ewNdnq.js:24:34946)
    at q (https://www.optimum.com/assets/components-D5ewNdnq.js:9:1646)
    at MessagePort.me (https://www.optimum.com/assets/components-D5ewNdnq.js:9:2028)
[    3517ms] Error: Minified React error #418; visit https://reactjs.org/docs/error-decoder.html?invariant=418 for the full message or use the non-minified dev environment for full errors and additional helpful warnings.
    at Sa (https://www.optimum.com/assets/components-D5ewNdnq.js:22:4806)
    at yf (https://www.optimum.com/assets/components-D5ewNdnq.js:24:45951)
    at hf (https://www.optimum.com/assets/components-D5ewNdnq.js:24:40034)
    at vp (https://www.optimum.com/assets/components-D5ewNdnq.js:24:40006)
    at sf (https://www.optimum.com/assets/components-D5ewNdnq.js:24:34946)
    at q (https://www.optimum.com/assets/components-D5ewNdnq.js:9:1646)
    at MessagePort.me (https://www.optimum.com/assets/components-D5ewNdnq.js:9:2028)
[    3517ms] Error: Minified React error #418; visit https://reactjs.org/docs/error-decoder.html?invariant=418 for the full message or use the non-minified dev environment for full errors and additional helpful warnings.
    at Sa (https://www.optimum.com/assets/components-D5ewNdnq.js:22:4806)
    at yf (https://www.optimum.com/assets/components-D5ewNdnq.js:24:45951)
    at hf (https://www.optimum.com/assets/components-D5ewNdnq.js:24:40034)
    at vp (https://www.optimum.com/assets/components-D5ewNdnq.js:24:40006)
    at sf (https://www.optimum.com/assets/components-D5ewNdnq.js:24:34946)
    at q (https://www.optimum.com/assets/components-D5ewNdnq.js:9:1646)
    at MessagePort.me (https://www.optimum.com/assets/components-D5ewNdnq.js:9:2028)
[    3517ms] Error: Minified React error #418; visit https://reactjs.org/docs/error-decoder.html?invariant=418 for the full message or use the non-minified dev environment for full errors and additional helpful warnings.
    at Sa (https://www.optimum.com/assets/components-D5ewNdnq.js:22:4806)
    at yf (https://www.optimum.com/assets/components-D5ewNdnq.js:24:45951)
    at hf (https://www.optimum.com/assets/components-D5ewNdnq.js:24:40034)
    at vp (https://www.optimum.com/assets/components-D5ewNdnq.js:24:40006)
    at sf (https://www.optimum.com/assets/components-D5ewNdnq.js:24:34946)
    at q (https://www.optimum.com/assets/components-D5ewNdnq.js:9:1646)
    at MessagePort.me (https://www.optimum.com/assets/components-D5ewNdnq.js:9:2028)
[    3517ms] Error: Minified React error #418; visit https://reactjs.org/docs/error-decoder.html?invariant=418 for the full message or use the non-minified dev environment for full errors and additional helpful warnings.
    at Sa (https://www.optimum.com/assets/components-D5ewNdnq.js:22:4806)
    at yf (https://www.optimum.com/assets/components-D5ewNdnq.js:24:45951)
    at hf (https://www.optimum.com/assets/components-D5ewNdnq.js:24:40034)
    at vp (https://www.optimum.com/assets/components-D5ewNdnq.js:24:40006)
    at sf (https://www.optimum.com/assets/components-D5ewNdnq.js:24:34946)
    at q (https://www.optimum.com/assets/components-D5ewNdnq.js:9:1646)
    at MessagePort.me (https://www.optimum.com/assets/components-D5ewNdnq.js:9:2028)
[    3517ms] Error: Minified React error #418; visit https://reactjs.org/docs/error-decoder.html?invariant=418 for the full message or use the non-minified dev environment for full errors and additional helpful warnings.
    at Sa (https://www.optimum.com/assets/components-D5ewNdnq.js:22:4806)
    at yf (https://www.optimum.com/assets/components-D5ewNdnq.js:24:45951)
    at hf (https://www.optimum.com/assets/components-D5ewNdnq.js:24:40034)
    at vp (https://www.optimum.com/assets/components-D5ewNdnq.js:24:40006)
    at sf (https://www.optimum.com/assets/components-D5ewNdnq.js:24:34946)
    at q (https://www.optimum.com/assets/components-D5ewNdnq.js:9:1646)
    at MessagePort.me (https://www.optimum.com/assets/components-D5ewNdnq.js:9:2028)
[    3517ms] Error: Minified React error #418; visit https://reactjs.org/docs/error-decoder.html?invariant=418 for the full message or use the non-minified dev environment for full errors and additional helpful warnings.
    at Sa (https://www.optimum.com/assets/components-D5ewNdnq.js:22:4806)
    at yf (https://www.optimum.com/assets/components-D5ewNdnq.js:24:45951)
    at hf (https://www.optimum.com/assets/components-D5ewNdnq.js:24:40034)
    at vp (https://www.optimum.com/assets/components-D5ewNdnq.js:24:40006)
    at sf (https://www.optimum.com/assets/components-D5ewNdnq.js:24:34946)
    at q (https://www.optimum.com/assets/components-D5ewNdnq.js:9:1646)
    at MessagePort.me (https://www.optimum.com/assets/components-D5ewNdnq.js:9:2028)
[    3517ms] Error: Minified React error #418; visit https://reactjs.org/docs/error-decoder.html?invariant=418 for the full message or use the non-minified dev environment for full errors and additional helpful warnings.
    at Sa (https://www.optimum.com/assets/components-D5ewNdnq.js:22:4806)
    at yf (https://www.optimum.com/assets/components-D5ewNdnq.js:24:45951)
    at hf (https://www.optimum.com/assets/components-D5ewNdnq.js:24:40034)
    at vp (https://www.optimum.com/assets/components-D5ewNdnq.js:24:40006)
    at sf (https://www.optimum.com/assets/components-D5ewNdnq.js:24:34946)
    at q (https://www.optimum.com/assets/components-D5ewNdnq.js:9:1646)
    at MessagePort.me (https://www.optimum.com/assets/components-D5ewNdnq.js:9:2028)
[    3517ms] Error: Minified React error #418; visit https://reactjs.org/docs/error-decoder.html?invariant=418 for the full message or use the non-minified dev environment for full errors and additional helpful warnings.
    at Sa (https://www.optimum.com/assets/components-D5ewNdnq.js:22:4806)
    at yf (https://www.optimum.com/assets/components-D5ewNdnq.js:24:45951)
    at hf (https://www.optimum.com/assets/components-D5ewNdnq.js:24:40034)
    at vp (https://www.optimum.com/assets/components-D5ewNdnq.js:24:40006)
    at sf (https://www.optimum.com/assets/components-D5ewNdnq.js:24:34946)
    at q (https://www.optimum.com/assets/components-D5ewNdnq.js:9:1646)
    at MessagePort.me (https://www.optimum.com/assets/components-D5ewNdnq.js:9:2028)
[    3517ms] Error: Minified React error #418; visit https://reactjs.org/docs/error-decoder.html?invariant=418 for the full message or use the non-minified dev environment for full errors and additional helpful warnings.
    at Sa (https://www.optimum.com/assets/components-D5ewNdnq.js:22:4806)
    at yf (https://www.optimum.com/assets/components-D5ewNdnq.js:24:45951)
    at hf (https://www.optimum.com/assets/components-D5ewNdnq.js:24:40034)
    at vp (https://www.optimum.com/assets/components-D5ewNdnq.js:24:40006)
    at sf (https://www.optimum.com/assets/components-D5ewNdnq.js:24:34946)
    at q (https://www.optimum.com/assets/components-D5ewNdnq.js:9:1646)
    at MessagePort.me (https://www.optimum.com/assets/components-D5ewNdnq.js:9:2028)
[    3517ms] Error: Minified React error #418; visit https://reactjs.org/docs/error-decoder.html?invariant=418 for the full message or use the non-minified dev environment for full errors and additional helpful warnings.
    at Sa (https://www.optimum.com/assets/components-D5ewNdnq.js:22:4806)
    at yf (https://www.optimum.com/assets/components-D5ewNdnq.js:24:45951)
    at hf (https://www.optimum.com/assets/components-D5ewNdnq.js:24:40034)
    at vp (https://www.optimum.com/assets/components-D5ewNdnq.js:24:40006)
    at sf (https://www.optimum.com/assets/components-D5ewNdnq.js:24:34946)
    at q (https://www.optimum.com/assets/components-D5ewNdnq.js:9:1646)
    at MessagePort.me (https://www.optimum.com/assets/components-D5ewNdnq.js:9:2028)
[    3517ms] Error: Minified React error #418; visit https://reactjs.org/docs/error-decoder.html?invariant=418 for the full message or use the non-minified dev environment for full errors and additional helpful warnings.
    at Sa (https://www.optimum.com/assets/components-D5ewNdnq.js:22:4806)
    at yf (https://www.optimum.com/assets/components-D5ewNdnq.js:24:45951)
    at hf (https://www.optimum.com/assets/components-D5ewNdnq.js:24:40034)
    at vp (https://www.optimum.com/assets/components-D5ewNdnq.js:24:40006)
    at sf (https://www.optimum.com/assets/components-D5ewNdnq.js:24:34946)
    at q (https://www.optimum.com/assets/components-D5ewNdnq.js:9:1646)
    at MessagePort.me (https://www.optimum.com/assets/components-D5ewNdnq.js:9:2028)
[    3517ms] Error: Minified React error #423; visit https://reactjs.org/docs/error-decoder.html?invariant=423 for the full message or use the non-minified dev environment for full errors and additional helpful warnings.
    at yf (https://www.optimum.com/assets/components-D5ewNdnq.js:24:45610)
    at hf (https://www.optimum.com/assets/components-D5ewNdnq.js:24:40034)
    at mp (https://www.optimum.com/assets/components-D5ewNdnq.js:24:39962)
    at ro (https://www.optimum.com/assets/components-D5ewNdnq.js:24:39815)
    at ou (https://www.optimum.com/assets/components-D5ewNdnq.js:24:36136)
    at sf (https://www.optimum.com/assets/components-D5ewNdnq.js:24:35084)
    at q (https://www.optimum.com/assets/components-D5ewNdnq.js:9:1646)
    at MessagePort.me (https://www.optimum.com/assets/components-D5ewNdnq.js:9:2028)
[    3494ms] [LOG] Feature flags fetched successfully:  {} @ https://www.optimum.com/assets/route-BDxXlu6Y.js:0
[    3554ms] [ERROR] Failed to load resource: net::ERR_FAILED @ chrome-extension://invalid/:0
[    4635ms] [WARNING] 🚀 container.buildInfo.environment is deprecated.Please use `container.environment.stage` instead @ https://assets.adobedtm.com/5b7063f54823/d35922519083/launch-d0de4539ffe9.min.js:15
[   14033ms] [ERROR] Failed to load resource: net::ERR_SSL_VERSION_OR_CIPHER_MISMATCH @ https://capig.optimum.com/events/5ffb9433b70852dbed8363f36c586e2f517186297c422ebf07c8309c12504d38:0
[   19889ms] [LOG] nullinside dynamic tracking calls @ https://assets.adobedtm.com/5b7063f54823/d35922519083/launch-d0de4539ffe9.min.js:14
[   25088ms] [ERROR] Attestation check for Attribution Reporting on https://ara.paa-reporting-advertising.amazon failed. @ https://www.optimum.com/check-availability:0
[   25096ms] [ERROR] Attestation check for Shared Storage on https://ara.paa-reporting-advertising.amazon failed. @ https://www.optimum.com/check-availability:0
